/home/mshahbaz/Personal/repo/mshahbaz/NetFPGA-10G-live/projects/reference_switch_lite/hw/implementation/system.ngc 1362996697
/home/mshahbaz/Personal/repo/mshahbaz/NetFPGA-10G-live/projects/reference_switch_lite/hw/implementation/nf10_switch_output_port_lookup_0_wrapper.ngc 1362995636
/home/mshahbaz/Personal/repo/mshahbaz/NetFPGA-10G-live/projects/reference_switch_lite/hw/implementation/axi_interconnect_0_wrapper.ngc 1362996145
/home/mshahbaz/Personal/repo/mshahbaz/NetFPGA-10G-live/projects/reference_switch_lite/hw/implementation/axi_interconnect_0_wrapper_FIFO_GENERATOR_V8_1_3.ngc 1362996131
/home/mshahbaz/Personal/repo/mshahbaz/NetFPGA-10G-live/projects/reference_switch_lite/hw/implementation/axi_interconnect_0_wrapper_FIFO_GENERATOR_V8_1_2.ngc 1362996034
/home/mshahbaz/Personal/repo/mshahbaz/NetFPGA-10G-live/projects/reference_switch_lite/hw/implementation/axi_interconnect_0_wrapper_FIFO_GENERATOR_V8_1_1.ngc 1362995937
/home/mshahbaz/Personal/repo/mshahbaz/NetFPGA-10G-live/projects/reference_switch_lite/hw/implementation/microblaze_0_wrapper.ngc 1362995648
/home/mshahbaz/Personal/repo/mshahbaz/NetFPGA-10G-live/projects/reference_switch_lite/hw/implementation/microblaze_0_ilmb_wrapper.ngc 1362995657
/home/mshahbaz/Personal/repo/mshahbaz/NetFPGA-10G-live/projects/reference_switch_lite/hw/implementation/microblaze_0_dlmb_wrapper.ngc 1362995666
/home/mshahbaz/Personal/repo/mshahbaz/NetFPGA-10G-live/projects/reference_switch_lite/hw/implementation/microblaze_0_i_bram_ctrl_wrapper.ngc 1362994385
/home/mshahbaz/Personal/repo/mshahbaz/NetFPGA-10G-live/projects/reference_switch_lite/hw/implementation/microblaze_0_d_bram_ctrl_wrapper.ngc 1362994397
/home/mshahbaz/Personal/repo/mshahbaz/NetFPGA-10G-live/projects/reference_switch_lite/hw/implementation/microblaze_0_bram_block_wrapper.ngc 1362994411
/home/mshahbaz/Personal/repo/mshahbaz/NetFPGA-10G-live/projects/reference_switch_lite/hw/implementation/reset_0_wrapper.ngc 1362994424
/home/mshahbaz/Personal/repo/mshahbaz/NetFPGA-10G-live/projects/reference_switch_lite/hw/implementation/rs232_uart_1_wrapper.ngc 1362994448
/home/mshahbaz/Personal/repo/mshahbaz/NetFPGA-10G-live/projects/reference_switch_lite/hw/implementation/clock_generator_0_wrapper.ngc 1362995675
/home/mshahbaz/Personal/repo/mshahbaz/NetFPGA-10G-live/projects/reference_switch_lite/hw/implementation/nf10_10g_interface_0_wrapper.ngc 1362995685
/home/mshahbaz/Personal/repo/mshahbaz/NetFPGA-10G-live/projects/reference_switch_lite/hw/implementation/nf10_10g_interface_1_wrapper.ngc 1362995696
/home/mshahbaz/Personal/repo/mshahbaz/NetFPGA-10G-live/projects/reference_switch_lite/hw/implementation/nf10_10g_interface_2_wrapper.ngc 1362995705
/home/mshahbaz/Personal/repo/mshahbaz/NetFPGA-10G-live/projects/reference_switch_lite/hw/implementation/nf10_10g_interface_3_wrapper.ngc 1362995715
/home/mshahbaz/Personal/repo/mshahbaz/NetFPGA-10G-live/projects/reference_switch_lite/hw/implementation/diff_input_buf_0_wrapper.ngc 1362995057
/home/mshahbaz/Personal/repo/mshahbaz/NetFPGA-10G-live/projects/reference_switch_lite/hw/implementation/diff_input_buf_1_wrapper.ngc 1362995071
/home/mshahbaz/Personal/repo/mshahbaz/NetFPGA-10G-live/projects/reference_switch_lite/hw/implementation/diff_input_buf_2_wrapper.ngc 1362995083
/home/mshahbaz/Personal/repo/mshahbaz/NetFPGA-10G-live/projects/reference_switch_lite/hw/implementation/diff_input_buf_3_wrapper.ngc 1362995094
/home/mshahbaz/Personal/repo/mshahbaz/NetFPGA-10G-live/projects/reference_switch_lite/hw/implementation/nf10_mdio_0_wrapper.ngc 1362995724
/home/mshahbaz/Personal/repo/mshahbaz/NetFPGA-10G-live/projects/reference_switch_lite/hw/implementation/axi_timebase_wdt_0_wrapper.ngc 1362995127
/home/mshahbaz/Personal/repo/mshahbaz/NetFPGA-10G-live/projects/reference_switch_lite/hw/implementation/nf10_input_arbiter_0_wrapper.ngc 1362995734
/home/mshahbaz/Personal/repo/mshahbaz/NetFPGA-10G-live/projects/reference_switch_lite/hw/implementation/nf10_bram_output_queues_0_wrapper.ngc 1362995743
/home/mshahbaz/Personal/repo/mshahbaz/NetFPGA-10G-live/projects/reference_switch_lite/hw/implementation/nf10_axi_sim_transactor_0_wrapper.ngc 1362995752
/home/mshahbaz/Personal/repo/mshahbaz/NetFPGA-10G-live/projects/reference_switch_lite/hw/implementation/dma_0_wrapper.ngc 1362995815
OK
