/home/mshahbaz/Personal/repo/mshahbaz/NetFPGA-10G-live/projects/reference_switch/hw/implementation/system.ngc 1363124597
/home/mshahbaz/Personal/repo/mshahbaz/NetFPGA-10G-live/projects/reference_switch/hw/implementation/nf10_switch_output_port_lookup_0_wrapper.ngc 1363123972
/home/mshahbaz/Personal/repo/mshahbaz/NetFPGA-10G-live/projects/reference_switch/hw/implementation/axi_interconnect_0_wrapper.ngc 1363124310
/home/mshahbaz/Personal/repo/mshahbaz/NetFPGA-10G-live/projects/reference_switch/hw/implementation/axi_interconnect_0_wrapper_FIFO_GENERATOR_V8_1_3.ngc 1363124302
/home/mshahbaz/Personal/repo/mshahbaz/NetFPGA-10G-live/projects/reference_switch/hw/implementation/axi_interconnect_0_wrapper_FIFO_GENERATOR_V8_1_2.ngc 1363124233
/home/mshahbaz/Personal/repo/mshahbaz/NetFPGA-10G-live/projects/reference_switch/hw/implementation/axi_interconnect_0_wrapper_FIFO_GENERATOR_V8_1_1.ngc 1363124164
/home/mshahbaz/Personal/repo/mshahbaz/NetFPGA-10G-live/projects/reference_switch/hw/implementation/microblaze_0_wrapper.ngc 1363123977
/home/mshahbaz/Personal/repo/mshahbaz/NetFPGA-10G-live/projects/reference_switch/hw/implementation/microblaze_0_ilmb_wrapper.ngc 1363123982
/home/mshahbaz/Personal/repo/mshahbaz/NetFPGA-10G-live/projects/reference_switch/hw/implementation/microblaze_0_dlmb_wrapper.ngc 1363123989
/home/mshahbaz/Personal/repo/mshahbaz/NetFPGA-10G-live/projects/reference_switch/hw/implementation/microblaze_0_i_bram_ctrl_wrapper.ngc 1363123218
/home/mshahbaz/Personal/repo/mshahbaz/NetFPGA-10G-live/projects/reference_switch/hw/implementation/microblaze_0_d_bram_ctrl_wrapper.ngc 1363123227
/home/mshahbaz/Personal/repo/mshahbaz/NetFPGA-10G-live/projects/reference_switch/hw/implementation/microblaze_0_bram_block_wrapper.ngc 1363123238
/home/mshahbaz/Personal/repo/mshahbaz/NetFPGA-10G-live/projects/reference_switch/hw/implementation/reset_0_wrapper.ngc 1363123248
/home/mshahbaz/Personal/repo/mshahbaz/NetFPGA-10G-live/projects/reference_switch/hw/implementation/rs232_uart_1_wrapper.ngc 1363123266
/home/mshahbaz/Personal/repo/mshahbaz/NetFPGA-10G-live/projects/reference_switch/hw/implementation/clock_generator_0_wrapper.ngc 1363123996
/home/mshahbaz/Personal/repo/mshahbaz/NetFPGA-10G-live/projects/reference_switch/hw/implementation/nf10_10g_interface_0_wrapper.ngc 1363124002
/home/mshahbaz/Personal/repo/mshahbaz/NetFPGA-10G-live/projects/reference_switch/hw/implementation/nf10_10g_interface_1_wrapper.ngc 1363124008
/home/mshahbaz/Personal/repo/mshahbaz/NetFPGA-10G-live/projects/reference_switch/hw/implementation/nf10_10g_interface_2_wrapper.ngc 1363124014
/home/mshahbaz/Personal/repo/mshahbaz/NetFPGA-10G-live/projects/reference_switch/hw/implementation/nf10_10g_interface_3_wrapper.ngc 1363124020
/home/mshahbaz/Personal/repo/mshahbaz/NetFPGA-10G-live/projects/reference_switch/hw/implementation/diff_input_buf_0_wrapper.ngc 1363123652
/home/mshahbaz/Personal/repo/mshahbaz/NetFPGA-10G-live/projects/reference_switch/hw/implementation/diff_input_buf_1_wrapper.ngc 1363123661
/home/mshahbaz/Personal/repo/mshahbaz/NetFPGA-10G-live/projects/reference_switch/hw/implementation/diff_input_buf_2_wrapper.ngc 1363123669
/home/mshahbaz/Personal/repo/mshahbaz/NetFPGA-10G-live/projects/reference_switch/hw/implementation/diff_input_buf_3_wrapper.ngc 1363123678
/home/mshahbaz/Personal/repo/mshahbaz/NetFPGA-10G-live/projects/reference_switch/hw/implementation/nf10_mdio_0_wrapper.ngc 1363124026
/home/mshahbaz/Personal/repo/mshahbaz/NetFPGA-10G-live/projects/reference_switch/hw/implementation/axi_timebase_wdt_0_wrapper.ngc 1363123702
/home/mshahbaz/Personal/repo/mshahbaz/NetFPGA-10G-live/projects/reference_switch/hw/implementation/nf10_input_arbiter_0_wrapper.ngc 1363124032
/home/mshahbaz/Personal/repo/mshahbaz/NetFPGA-10G-live/projects/reference_switch/hw/implementation/nf10_bram_output_queues_0_wrapper.ngc 1363124037
/home/mshahbaz/Personal/repo/mshahbaz/NetFPGA-10G-live/projects/reference_switch/hw/implementation/dma_0_wrapper.ngc 1363124068
/home/mshahbaz/Personal/repo/mshahbaz/NetFPGA-10G-live/projects/reference_switch/hw/implementation/nf10_axi_sim_transactor_0_wrapper.ngc 1363124074
OK
