MO diff_input_buf_3_wrapper NULL ../hdl/system.v vlg12/diff__input__buf__3__wrapper.bin 1362996154
MO nf10_switch_output_port_lookup_0_wrapper NULL ../hdl/system.v vlg2A/nf10__switch__output__port__lookup__0__wrapper.bin 1362996154
MO diff_input_buf_2_wrapper NULL ../hdl/system.v vlg31/diff__input__buf__2__wrapper.bin 1362996154
MO rs232_uart_1_wrapper NULL ../hdl/system.v vlg7F/rs232__uart__1__wrapper.bin 1362996154
MO diff_input_buf_1_wrapper NULL ../hdl/system.v vlg50/diff__input__buf__1__wrapper.bin 1362996154
MO axi_timebase_wdt_0_wrapper NULL ../hdl/system.v vlg68/axi__timebase__wdt__0__wrapper.bin 1362996154
MO diff_input_buf_0_wrapper NULL ../hdl/system.v vlg6F/diff__input__buf__0__wrapper.bin 1362996154
MO nf10_mdio_0_wrapper NULL ../hdl/system.v vlg48/nf10__mdio__0__wrapper.bin 1362996154
MO clock_generator_0_wrapper NULL ../hdl/system.v vlg7D/clock__generator__0__wrapper.bin 1362996154
MO reset_0_wrapper NULL ../hdl/system.v vlg76/reset__0__wrapper.bin 1362996154
MO nf10_bram_output_queues_0_wrapper NULL ../hdl/system.v vlg60/nf10__bram__output__queues__0__wrapper.bin 1362996154
MO microblaze_0_ilmb_wrapper NULL ../hdl/system.v vlg1E/microblaze__0__ilmb__wrapper.bin 1362996154
MO axi_interconnect_0_wrapper NULL ../hdl/system.v vlg7C/axi__interconnect__0__wrapper.bin 1362996154
MO nf10_input_arbiter_0_wrapper NULL ../hdl/system.v vlg5F/nf10__input__arbiter__0__wrapper.bin 1362996154
MO system NULL ../hdl/system.v vlg19/system.bin 1362996154
MO microblaze_0_i_bram_ctrl_wrapper NULL ../hdl/system.v vlg24/microblaze__0__i__bram__ctrl__wrapper.bin 1362996154
MO dma_0_wrapper NULL ../hdl/system.v vlg19/dma__0__wrapper.bin 1362996154
MO nf10_10g_interface_3_wrapper NULL ../hdl/system.v vlg0E/nf10__10g__interface__3__wrapper.bin 1362996154
MO nf10_10g_interface_2_wrapper NULL ../hdl/system.v vlg2D/nf10__10g__interface__2__wrapper.bin 1362996154
MO nf10_10g_interface_1_wrapper NULL ../hdl/system.v vlg4C/nf10__10g__interface__1__wrapper.bin 1362996154
MO microblaze_0_d_bram_ctrl_wrapper NULL ../hdl/system.v vlg67/microblaze__0__d__bram__ctrl__wrapper.bin 1362996154
MO microblaze_0_bram_block_wrapper NULL ../hdl/system.v vlg72/microblaze__0__bram__block__wrapper.bin 1362996154
MO nf10_10g_interface_0_wrapper NULL ../hdl/system.v vlg6B/nf10__10g__interface__0__wrapper.bin 1362996154
MO nf10_axi_sim_transactor_0_wrapper NULL ../hdl/system.v vlg41/nf10__axi__sim__transactor__0__wrapper.bin 1362996154
MO microblaze_0_wrapper NULL ../hdl/system.v vlg0F/microblaze__0__wrapper.bin 1362996154
MO microblaze_0_dlmb_wrapper NULL ../hdl/system.v vlg4D/microblaze__0__dlmb__wrapper.bin 1362996154
