/home/mshahbaz/Personal/repo/mshahbaz/NetFPGA-10G-live/projects/flash_configuration/hw/implementation/system.ngc 1362994073
/home/mshahbaz/Personal/repo/mshahbaz/NetFPGA-10G-live/projects/flash_configuration/hw/implementation/axi_interconnect_0_wrapper.ngc 1362993975
/home/mshahbaz/Personal/repo/mshahbaz/NetFPGA-10G-live/projects/flash_configuration/hw/implementation/microblaze_0_wrapper.ngc 1362993915
/home/mshahbaz/Personal/repo/mshahbaz/NetFPGA-10G-live/projects/flash_configuration/hw/implementation/microblaze_0_ilmb_wrapper.ngc 1362993920
/home/mshahbaz/Personal/repo/mshahbaz/NetFPGA-10G-live/projects/flash_configuration/hw/implementation/microblaze_0_dlmb_wrapper.ngc 1362993925
/home/mshahbaz/Personal/repo/mshahbaz/NetFPGA-10G-live/projects/flash_configuration/hw/implementation/microblaze_0_i_bram_ctrl_wrapper.ngc 1362993695
/home/mshahbaz/Personal/repo/mshahbaz/NetFPGA-10G-live/projects/flash_configuration/hw/implementation/microblaze_0_d_bram_ctrl_wrapper.ngc 1362993704
/home/mshahbaz/Personal/repo/mshahbaz/NetFPGA-10G-live/projects/flash_configuration/hw/implementation/microblaze_0_bram_block_wrapper.ngc 1362993717
/home/mshahbaz/Personal/repo/mshahbaz/NetFPGA-10G-live/projects/flash_configuration/hw/implementation/reset_0_wrapper.ngc 1362993727
/home/mshahbaz/Personal/repo/mshahbaz/NetFPGA-10G-live/projects/flash_configuration/hw/implementation/rs232_uart_1_wrapper.ngc 1362993748
/home/mshahbaz/Personal/repo/mshahbaz/NetFPGA-10G-live/projects/flash_configuration/hw/implementation/clock_generator_0_wrapper.ngc 1362993930
/home/mshahbaz/Personal/repo/mshahbaz/NetFPGA-10G-live/projects/flash_configuration/hw/implementation/dma_0_wrapper.ngc 1362993959
/home/mshahbaz/Personal/repo/mshahbaz/NetFPGA-10G-live/projects/flash_configuration/hw/implementation/axi_emc_0_wrapper.ngc 1362993897
/home/mshahbaz/Personal/repo/mshahbaz/NetFPGA-10G-live/projects/flash_configuration/hw/implementation/axi_cfg_fpga_0_wrapper.ngc 1362993910
OK
